---
source: tests/json_output.rs
expression: "cli.json(&[\"addon\", \"list\", \"--json\"])"
---
[
  {
    "commit_sha": "89abcdef0123456789abcdef0123456789abcdef",
    "id": "docker-compose",
    "name": "Docker Compose",
    "path": "docker-compose",
    "repo_url": "https://github.com/anesis-dev/addons",
    "version": "0.4.1"
  }
]
